components/AccountingDashboard.tsx(303,144): error TS2322: Type '"blue" | "purple" | "emerald" | "amber" | undefined' is not assignable to type '"blue" | "purple" | "emerald" | "amber"'.
  Type 'undefined' is not assignable to type '"blue" | "purple" | "emerald" | "amber"'.
components/AccountingDashboard.tsx(608,45): error TS2322: Type '{ accountId: string; debit?: string | undefined; credit?: string | undefined; }' is not assignable to type '{ accountId: string; debit: string; credit: string; }'.
  Types of property 'debit' are incompatible.
    Type 'string | undefined' is not assignable to type 'string'.
      Type 'undefined' is not assignable to type 'string'.
components/AccountingDashboard.tsx(621,45): error TS2322: Type '{ debit: string; credit: string; accountId?: string | undefined; }' is not assignable to type '{ accountId: string; debit: string; credit: string; }'.
  Types of property 'accountId' are incompatible.
    Type 'string | undefined' is not assignable to type 'string'.
      Type 'undefined' is not assignable to type 'string'.
components/AccountingDashboard.tsx(631,45): error TS2322: Type '{ credit: string; debit: string; accountId?: string | undefined; }' is not assignable to type '{ accountId: string; debit: string; credit: string; }'.
  Types of property 'accountId' are incompatible.
    Type 'string | undefined' is not assignable to type 'string'.
      Type 'undefined' is not assignable to type 'string'.
components/ChatbotStudio.tsx(216,21): error TS2322: Type 'string' is not assignable to type '"Faq" | "PracticeArea" | "JurisdictionGuide" | "OnboardingProcess"'.
components/HRWorkbench.tsx(769,76): error TS18047: 'editingSalary' is possibly 'null'.
components/MatterIntelligence.tsx(261,20): error TS2339: Property 'startTime' does not exist on type 'LiveTimeEntry'.
components/TemplateManager.tsx(222,98): error TS7006: Parameter 'v' implicitly has an 'any' type.
components/TemplateManager.tsx(223,105): error TS7006: Parameter 'v' implicitly has an 'any' type.
CONVERSATIONS_TAB_CODE.tsx(5,5): error TS2304: Cannot find name 'activeTab'.
CONVERSATIONS_TAB_CODE.tsx(10,26): error TS2304: Cannot find name 'MessageSquare'.
CONVERSATIONS_TAB_CODE.tsx(13,26): error TS2304: Cannot find name 'RefreshCw'.
CONVERSATIONS_TAB_CODE.tsx(19,26): error TS2304: Cannot find name 'conversations'.
CONVERSATIONS_TAB_CODE.tsx(20,29): error TS2304: Cannot find name 'conversations'.
CONVERSATIONS_TAB_CODE.tsx(31,58): error TS2304: Cannot find name 'MessageSquare'.
CONVERSATIONS_TAB_CODE.tsx(79,34): error TS2304: Cannot find name 'MessageSquare'.
hooks/useDynamicLayout.ts(78,44): error TS2532: Object is possibly 'undefined'.
hooks/useDynamicLayout.ts(81,44): error TS2532: Object is possibly 'undefined'.
marketing/src/pages/LegalOperationsPage.tsx(111,33): error TS2322: Type '{ children: string; href: string; variant: "outline"; size: "lg"; }' is not assignable to type 'IntrinsicAttributes & ButtonProps'.
  Property 'href' does not exist on type 'IntrinsicAttributes & ButtonProps'.
marketing/src/pages/pillars/AILegalSoftware.tsx(185,34): error TS2304: Cannot find name 'Briefcase'.
marketing/src/pages/pillars/AILegalSoftware.tsx(193,34): error TS2304: Cannot find name 'Users'.
marketing/src/pages/PilotProgramPage.tsx(111,33): error TS2322: Type '{ children: string; href: string; onClick: () => void; size: "lg"; }' is not assignable to type 'IntrinsicAttributes & ButtonProps'.
  Property 'href' does not exist on type 'IntrinsicAttributes & ButtonProps'.
marketing/src/utils/ssg/image-optimizer.ts(78,26): error TS18048: 'attrs' is possibly 'undefined'.
marketing/src/utils/ssg/image-optimizer.ts(82,40): error TS2345: Argument of type 'string | undefined' is not assignable to parameter of type 'string'.
  Type 'undefined' is not assignable to type 'string'.
marketing/src/utils/ssg/image-optimizer.ts(88,28): error TS18048: 'attrs' is possibly 'undefined'.
marketing/src/utils/ssg/image-optimizer.ts(89,29): error TS18048: 'attrs' is possibly 'undefined'.
marketing/src/utils/ssg/image-optimizer.ts(91,45): error TS2345: Argument of type 'string | undefined' is not assignable to parameter of type 'string'.
  Type 'undefined' is not assignable to type 'string'.
marketing/src/utils/ssg/image-optimizer.ts(92,47): error TS2345: Argument of type 'string | undefined' is not assignable to parameter of type 'string'.
  Type 'undefined' is not assignable to type 'string'.
marketing/src/utils/ssg/image-optimizer.ts(136,50): error TS2307: Cannot find module 'sharp' or its corresponding type declarations.
marketing/src/utils/ssg/image-optimizer.ts(138,36): error TS2307: Cannot find module 'sharp' or its corresponding type declarations.
marketing/src/utils/ssg/image-optimizer.ts(154,26): error TS2307: Cannot find module 'sharp' or its corresponding type declarations.
marketing/src/utils/ssg/island-scanner.ts(26,23): error TS2532: Object is possibly 'undefined'.
marketing/src/utils/ssg/island-scanner.ts(81,19): error TS2345: Argument of type 'string | undefined' is not assignable to parameter of type 'string'.
  Type 'undefined' is not assignable to type 'string'.
marketing/src/utils/ssg/island-scanner.ts(102,20): error TS2345: Argument of type 'string | undefined' is not assignable to parameter of type 'string'.
  Type 'undefined' is not assignable to type 'string'.
marketing/src/utils/ssg/page-discovery.ts(60,27): error TS18048: 'optionsContent' is possibly 'undefined'.
marketing/src/utils/ssg/page-discovery.ts(68,31): error TS18048: 'optionsContent' is possibly 'undefined'.
marketing/src/utils/ssg/page-discovery.ts(72,58): error TS2345: Argument of type 'string | undefined' is not assignable to parameter of type 'string'.
  Type 'undefined' is not assignable to type 'string'.
marketing/src/utils/ssg/page-discovery.ts(73,47): error TS2345: Argument of type 'string | undefined' is not assignable to parameter of type 'string'.
  Type 'undefined' is not assignable to type 'string'.
marketing/src/utils/ssg/page-discovery.ts(76,65): error TS2345: Argument of type 'string | undefined' is not assignable to parameter of type 'string'.
  Type 'undefined' is not assignable to type 'string'.
marketing/src/utils/ssg/page-discovery.ts(77,52): error TS2345: Argument of type 'string | undefined' is not assignable to parameter of type 'string'.
  Type 'undefined' is not assignable to type 'string'.
marketing/src/utils/ssg/page-discovery.ts(80,13): error TS2322: Type 'string | undefined' is not assignable to type 'string'.
  Type 'undefined' is not assignable to type 'string'.
marketing/src/utils/ssg/page-discovery.ts(81,13): error TS2322: Type 'string | undefined' is not assignable to type 'string'.
  Type 'undefined' is not assignable to type 'string'.
marketing/src/utils/ssg/plugin/dev-middleware.ts(43,27): error TS18048: 'optionsContent' is possibly 'undefined'.
marketing/src/utils/ssg/plugin/dev-middleware.ts(51,31): error TS18048: 'optionsContent' is possibly 'undefined'.
marketing/src/utils/ssg/plugin/dev-middleware.ts(55,13): error TS2322: Type 'string | undefined' is not assignable to type 'string'.
  Type 'undefined' is not assignable to type 'string'.
marketing/src/utils/ssg/plugin/dev-middleware.ts(56,13): error TS2322: Type 'string | undefined' is not assignable to type 'string'.
  Type 'undefined' is not assignable to type 'string'.
marketing/src/utils/ssg/plugin/hosting/firebase.ts(80,17): error TS2322: Type 'FirebaseHostingConfig | undefined' is not assignable to type 'FirebaseHostingConfig'.
  Type 'undefined' is not assignable to type 'FirebaseHostingConfig'.
server/src/index.ts(196,24): error TS2345: Argument of type 'string | undefined' is not assignable to parameter of type 'string'.
  Type 'undefined' is not assignable to type 'string'.
server/src/index.ts(203,14): error TS7030: Not all code paths return a value.
server/src/index.ts(210,37): error TS2345: Argument of type 'string | undefined' is not assignable to parameter of type 'string'.
  Type 'undefined' is not assignable to type 'string'.
server/src/middleware/auth.ts(24,35): error TS7030: Not all code paths return a value.
server/src/middleware/moduleGuard.ts(5,12): error TS7030: Not all code paths return a value.
server/src/routes/accounting.ts(107,100): error TS2345: Argument of type 'string | undefined' is not assignable to parameter of type 'string'.
  Type 'undefined' is not assignable to type 'string'.
server/src/routes/accounting.ts(127,81): error TS7030: Not all code paths return a value.
server/src/routes/admin.ts(16,51): error TS7030: Not all code paths return a value.
server/src/routes/admin.ts(82,49): error TS7030: Not all code paths return a value.
server/src/routes/admin.ts(116,45): error TS7030: Not all code paths return a value.
server/src/routes/admin.ts(134,70): error TS2345: Argument of type 'string | undefined' is not assignable to parameter of type 'string'.
  Type 'undefined' is not assignable to type 'string'.
server/src/routes/admin.ts(144,48): error TS7030: Not all code paths return a value.
server/src/routes/analytics.ts(132,45): error TS7030: Not all code paths return a value.
server/src/routes/auth.ts(606,21): error TS2322: Type '{ credentials: JsonValue; id: string; name: string; email: string; region: string; attributes: JsonValue; tenantId: string | null; createdAt: Date; updatedAt: Date; ... 15 more ...; departmentId: string | null; }' is not assignable to type '{ role: ({ permissions: { description: string; id: string; resource: string; action: string; }[]; } & { description: string | null; id: string; name: string; tenantId: string | null; isSystem: boolean; }) | null; tenant: { ...; } | null; } & { ...; }'.
  Type '{ credentials: JsonValue; id: string; name: string; email: string; region: string; attributes: JsonValue; tenantId: string | null; createdAt: Date; updatedAt: Date; ... 15 more ...; departmentId: string | null; }' is missing the following properties from type '{ role: ({ permissions: { description: string; id: string; resource: string; action: string; }[]; } & { description: string | null; id: string; name: string; tenantId: string | null; isSystem: boolean; }) | null; tenant: { ...; } | null; }': role, tenant
server/src/routes/auth.ts(609,29): error TS2322: Type 'string | undefined' is not assignable to type 'string'.
  Type 'undefined' is not assignable to type 'string'.
server/src/routes/auth.ts(870,46): error TS7030: Not all code paths return a value.
server/src/routes/auth.ts(888,47): error TS7030: Not all code paths return a value.
server/src/routes/auth.ts(915,28): error TS7030: Not all code paths return a value.
server/src/routes/billing.ts(7,28): error TS7030: Not all code paths return a value.
server/src/routes/billing.ts(33,40): error TS7030: Not all code paths return a value.
server/src/routes/billing.ts(51,27): error TS7030: Not all code paths return a value.
server/src/routes/billing.ts(70,25): error TS7030: Not all code paths return a value.
server/src/routes/billing.ts(104,38): error TS7030: Not all code paths return a value.
server/src/routes/billing.ts(124,40): error TS7030: Not all code paths return a value.
server/src/routes/billing.ts(142,51): error TS7030: Not all code paths return a value.
server/src/routes/bridges.ts(66,88): error TS7030: Not all code paths return a value.
server/src/routes/chatbot.ts(12,37): error TS7030: Not all code paths return a value.
server/src/routes/chatbot.ts(25,23): error TS7030: Not all code paths return a value.
server/src/routes/chatbot.ts(38,24): error TS7030: Not all code paths return a value.
server/src/routes/chatbot.ts(56,24): error TS7030: Not all code paths return a value.
server/src/routes/chatConversations.ts(188,18): error TS7030: Not all code paths return a value.
server/src/routes/chatConversations.ts(360,70): error TS7030: Not all code paths return a value.
server/src/routes/compliance.ts(81,78): error TS7030: Not all code paths return a value.
server/src/routes/contentEngine.ts(41,36): error TS7030: Not all code paths return a value.
server/src/routes/contentEngine.ts(81,34): error TS7030: Not all code paths return a value.
server/src/routes/contentEngine.ts(161,35): error TS7030: Not all code paths return a value.
server/src/routes/documents.ts(88,66): error TS7030: Not all code paths return a value.
server/src/routes/documents.ts(262,40): error TS2345: Argument of type 'string | undefined' is not assignable to parameter of type 'string'.
  Type 'undefined' is not assignable to type 'string'.
server/src/routes/documents.ts(415,47): error TS7030: Not all code paths return a value.
server/src/routes/documents.ts(456,48): error TS7030: Not all code paths return a value.
server/src/routes/documents.ts(487,48): error TS7030: Not all code paths return a value.
server/src/routes/documents.ts(540,39): error TS7030: Not all code paths return a value.
server/src/routes/documents.ts(576,42): error TS7030: Not all code paths return a value.
server/src/routes/documents.ts(602,41): error TS7030: Not all code paths return a value.
server/src/routes/documents.ts(668,17): error TS2322: Type '{ documentId: string | undefined; tenantId: string; versionNumber: number; uri: any; authorId: string; changeSummary: any; isCurrent: true; }' is not assignable to type '(Without<DocumentVersionCreateInput, DocumentVersionUncheckedCreateInput> & DocumentVersionUncheckedCreateInput) | (Without<...> & DocumentVersionCreateInput)'.
  Types of property 'documentId' are incompatible.
    Type 'string | undefined' is not assignable to type 'string'.
      Type 'undefined' is not assignable to type 'string'.
server/src/routes/documents.ts(711,49): error TS7030: Not all code paths return a value.
server/src/routes/documents.ts(748,48): error TS7030: Not all code paths return a value.
server/src/routes/documents.ts(781,48): error TS7030: Not all code paths return a value.
server/src/routes/documents.ts(810,67): error TS7030: Not all code paths return a value.
server/src/routes/documentTemplates.ts(40,44): error TS7030: Not all code paths return a value.
server/src/routes/documentTemplates.ts(78,49): error TS7030: Not all code paths return a value.
server/src/routes/firm.ts(293,49): error TS7030: Not all code paths return a value.
server/src/routes/firm.ts(380,38): error TS7030: Not all code paths return a value.
server/src/routes/firm.ts(396,33): error TS7030: Not all code paths return a value.
server/src/routes/firm.ts(417,34): error TS7030: Not all code paths return a value.
server/src/routes/firm.ts(514,27): error TS7030: Not all code paths return a value.
server/src/routes/leads.ts(10,18): error TS7030: Not all code paths return a value.
server/src/routes/matters.ts(15,36): error TS7030: Not all code paths return a value.
server/src/routes/matters.ts(244,48): error TS7030: Not all code paths return a value.
server/src/routes/matters.ts(266,21): error TS2345: Argument of type 'string | undefined' is not assignable to parameter of type 'string | null'.
  Type 'undefined' is not assignable to type 'string | null'.
server/src/routes/matters.ts(328,25): error TS2345: Argument of type 'string | undefined' is not assignable to parameter of type 'string | null'.
  Type 'undefined' is not assignable to type 'string | null'.
server/src/routes/matters.ts(395,52): error TS7030: Not all code paths return a value.
server/src/routes/matters.ts(495,52): error TS7030: Not all code paths return a value.
server/src/routes/matters.ts(518,69): error TS7030: Not all code paths return a value.
server/src/routes/matters.ts(536,17): error TS2345: Argument of type 'string | undefined' is not assignable to parameter of type 'string'.
  Type 'undefined' is not assignable to type 'string'.
server/src/routes/matters.ts(544,13): error TS2322: Type '{ text: any; matterId: string | undefined; tenantId: string; authorId: string; attachmentUrl: string | null; attachmentName: string | null; }' is not assignable to type '(Without<CollaborationMessageCreateInput, CollaborationMessageUncheckedCreateInput> & CollaborationMessageUncheckedCreateInput) | (Without<...> & CollaborationMessageCreateInput)'.
  Types of property 'matterId' are incompatible.
    Type 'string | undefined' is not assignable to type 'string'.
      Type 'undefined' is not assignable to type 'string'.
server/src/routes/matters.ts(563,53): error TS7030: Not all code paths return a value.
server/src/routes/matters.ts(572,13): error TS2322: Type '{ description: any; durationMinutes: any; startTime: Date; isBillable: any; matterId: string | undefined; tenantId: string; userId: string; }' is not assignable to type '(Without<TimeEntryCreateInput, TimeEntryUncheckedCreateInput> & TimeEntryUncheckedCreateInput) | (Without<...> & TimeEntryCreateInput)'.
  Types of property 'matterId' are incompatible.
    Type 'string | undefined' is not assignable to type 'string'.
      Type 'undefined' is not assignable to type 'string'.
server/src/routes/platform.ts(25,77): error TS7030: Not all code paths return a value.
server/src/routes/platform.ts(94,87): error TS7030: Not all code paths return a value.
server/src/routes/platform.ts(103,63): error TS2345: Argument of type 'string | undefined' is not assignable to parameter of type 'string'.
  Type 'undefined' is not assignable to type 'string'.
server/src/routes/platform.ts(117,42): error TS2345: Argument of type 'string | undefined' is not assignable to parameter of type 'string'.
  Type 'undefined' is not assignable to type 'string'.
server/src/routes/platform.ts(187,74): error TS7030: Not all code paths return a value.
server/src/routes/platform.ts(308,86): error TS7030: Not all code paths return a value.
server/src/routes/platform.ts(333,106): error TS7030: Not all code paths return a value.
server/src/routes/platform.ts(379,55): error TS2345: Argument of type 'string | undefined' is not assignable to parameter of type 'string'.
  Type 'undefined' is not assignable to type 'string'.
server/src/routes/productivity.ts(53,22): error TS2538: Type 'undefined' cannot be used as an index type.
server/src/routes/productivity.ts(54,21): error TS2538: Type 'undefined' cannot be used as an index type.
server/src/routes/productivity.ts(60,17): error TS2538: Type 'undefined' cannot be used as an index type.
server/src/routes/productivity.ts(62,21): error TS2538: Type 'undefined' cannot be used as an index type.
server/src/routes/productivity.ts(63,21): error TS2538: Type 'undefined' cannot be used as an index type.
server/src/routes/stripe.ts(23,43): error TS7030: Not all code paths return a value.
server/src/routes/stripe.ts(36,52): error TS7030: Not all code paths return a value.
server/src/routes/stripe.ts(51,68): error TS7030: Not all code paths return a value.
server/src/routes/tenant.ts(46,86): error TS7030: Not all code paths return a value.
server/src/routes/tenant.ts(86,80): error TS7030: Not all code paths return a value.
server/src/routes/tenant.ts(133,36): error TS2532: Object is possibly 'undefined'.
server/src/routes/tenant.ts(323,86): error TS7030: Not all code paths return a value.
server/src/routes/tenant.ts(350,96): error TS7030: Not all code paths return a value.
server/src/routes/tenant.ts(394,81): error TS7030: Not all code paths return a value.
server/src/routes/workflows.ts(13,42): error TS7030: Not all code paths return a value.
server/src/routes/workflows.ts(34,13): error TS18048: 'initialState' is possibly 'undefined'.
server/src/routes/workflows.ts(48,44): error TS7030: Not all code paths return a value.
server/src/routes/workflows.ts(67,51): error TS7030: Not all code paths return a value.
server/src/routes/workflows.ts(83,59): error TS7030: Not all code paths return a value.
server/src/routes/workflows.ts(91,56): error TS2345: Argument of type 'string | undefined' is not assignable to parameter of type 'string'.
  Type 'undefined' is not assignable to type 'string'.
server/src/routes/workflows.ts(199,53): error TS7030: Not all code paths return a value.
server/src/routes/workflows.ts(220,48): error TS7030: Not all code paths return a value.
server/src/scripts/adminManagerSeed.ts(101,23): error TS2532: Object is possibly 'undefined'.
server/src/scripts/adminManagerSeed.ts(102,23): error TS2532: Object is possibly 'undefined'.
server/src/scripts/adminManagerSeed.ts(103,23): error TS2532: Object is possibly 'undefined'.
server/src/scripts/adminManagerSeed.ts(112,134): error TS2532: Object is possibly 'undefined'.
server/src/scripts/adminManagerSeed.ts(114,139): error TS2532: Object is possibly 'undefined'.
server/src/scripts/adminManagerSeed.ts(155,23): error TS2532: Object is possibly 'undefined'.
server/src/scripts/adminManagerSeed.ts(156,23): error TS2532: Object is possibly 'undefined'.
server/src/scripts/adminManagerSeed.ts(179,23): error TS2532: Object is possibly 'undefined'.
server/src/scripts/adminManagerSeed.ts(180,23): error TS2532: Object is possibly 'undefined'.
server/src/scripts/bulk_ingest_sovereign.ts(53,40): error TS2345: Argument of type 'string | undefined' is not assignable to parameter of type 'string'.
  Type 'undefined' is not assignable to type 'string'.
server/src/scripts/bulk_ingest_sovereign.ts(54,38): error TS2345: Argument of type 'string | undefined' is not assignable to parameter of type 'string'.
  Type 'undefined' is not assignable to type 'string'.
server/src/scripts/bulk_ingest_sovereign.ts(75,44): error TS2769: No overload matches this call.
  Overload 1 of 3, '(path: PathOrFileDescriptor, options?: { encoding?: null | undefined; flag?: string | undefined; } | null | undefined): NonSharedBuffer', gave the following error.
    Argument of type 'string | undefined' is not assignable to parameter of type 'PathOrFileDescriptor'.
      Type 'undefined' is not assignable to type 'PathOrFileDescriptor'.
  Overload 2 of 3, '(path: PathOrFileDescriptor, options?: BufferEncoding | (ObjectEncodingOptions & { flag?: string | undefined; }) | null | undefined): string | NonSharedBuffer', gave the following error.
    Argument of type 'string | undefined' is not assignable to parameter of type 'PathOrFileDescriptor'.
      Type 'undefined' is not assignable to type 'PathOrFileDescriptor'.
server/src/scripts/debug_openrouter_direct.ts(42,34): error TS2532: Object is possibly 'undefined'.
server/src/scripts/debug_openrouter_direct.ts(64,42): error TS2532: Object is possibly 'undefined'.
server/src/scripts/gazetteIngestor.ts(21,12): error TS2532: Object is possibly 'undefined'.
server/src/scripts/gazetteIngestor.ts(59,51): error TS2345: Argument of type 'string | undefined' is not assignable to parameter of type 'string'.
  Type 'undefined' is not assignable to type 'string'.
server/src/scripts/gazetteIngestor.ts(65,17): error TS2322: Type 'string | undefined' is not assignable to type 'string'.
  Type 'undefined' is not assignable to type 'string'.
server/src/scripts/legalRepositoryIngestor.ts(22,12): error TS2532: Object is possibly 'undefined'.
server/src/scripts/seedTemplates.ts(32,24): error TS2345: Argument of type 'string | undefined' is not assignable to parameter of type 'PathLike'.
  Type 'undefined' is not assignable to type 'PathLike'.
server/src/scripts/seedTemplates.ts(37,34): error TS2769: No overload matches this call.
  Overload 1 of 5, '(path: PathLike, options?: BufferEncoding | { encoding: BufferEncoding | null; withFileTypes?: false | undefined; recursive?: boolean | undefined; } | null | undefined): string[]', gave the following error.
    Argument of type 'string | undefined' is not assignable to parameter of type 'PathLike'.
      Type 'undefined' is not assignable to type 'PathLike'.
  Overload 2 of 5, '(path: PathLike, options?: BufferEncoding | (ObjectEncodingOptions & { withFileTypes?: false | undefined; recursive?: boolean | undefined; }) | null | undefined): string[] | NonSharedBuffer[]', gave the following error.
    Argument of type 'string | undefined' is not assignable to parameter of type 'PathLike'.
      Type 'undefined' is not assignable to type 'PathLike'.
server/src/scripts/seedTemplates.ts(44,40): error TS2345: Argument of type 'string | undefined' is not assignable to parameter of type 'string'.
  Type 'undefined' is not assignable to type 'string'.
server/src/services/ai/AIServiceFactory.ts(12,9): error TS2322: Type 'AIProvider | undefined' is not assignable to type 'AIProvider'.
  Type 'undefined' is not assignable to type 'AIProvider'.
server/src/services/ai/OpenAIProvider.ts(62,29): error TS2532: Object is possibly 'undefined'.
server/src/services/ai/OpenAIProvider.ts(111,20): error TS2532: Object is possibly 'undefined'.
server/src/services/ai/OpenAIProvider.ts(129,20): error TS2532: Object is possibly 'undefined'.
server/src/services/ai/OpenAIProvider.ts(147,31): error TS2532: Object is possibly 'undefined'.
server/src/services/ai/OpenAIProvider.ts(188,20): error TS2532: Object is possibly 'undefined'.
server/src/services/ai/OpenAIProvider.ts(213,20): error TS2532: Object is possibly 'undefined'.
server/src/services/ai/OpenAIProvider.ts(235,20): error TS2532: Object is possibly 'undefined'.
server/src/services/ai/OpenRouterProvider.ts(100,25): error TS2532: Object is possibly 'undefined'.
server/src/services/ai/OpenRouterProvider.ts(139,20): error TS2532: Object is possibly 'undefined'.
server/src/services/ai/OpenRouterProvider.ts(163,20): error TS2532: Object is possibly 'undefined'.
server/src/services/ai/OpenRouterProvider.ts(180,27): error TS2532: Object is possibly 'undefined'.
server/src/services/ai/OpenRouterProvider.ts(194,31): error TS2532: Object is possibly 'undefined'.
server/src/services/ai/OpenRouterProvider.ts(213,20): error TS2532: Object is possibly 'undefined'.
server/src/services/ai/OpenRouterProvider.ts(238,31): error TS2532: Object is possibly 'undefined'.
server/src/services/ai/OpenRouterProvider.ts(263,31): error TS2532: Object is possibly 'undefined'.
server/src/services/ai/OpenRouterProvider.ts(296,22): error TS2532: Object is possibly 'undefined'.
server/src/services/ai/OpenRouterProvider.ts(312,20): error TS2532: Object is possibly 'undefined'.
server/src/services/ai/OpenRouterProvider.ts(335,31): error TS2532: Object is possibly 'undefined'.
server/src/services/ai/OpenRouterProvider.ts(356,20): error TS2532: Object is possibly 'undefined'.
server/src/services/ai/OpenRouterProvider.ts(378,20): error TS2532: Object is possibly 'undefined'.
server/src/services/CLMService.ts(35,55): error TS2532: Object is possibly 'undefined'.
server/src/services/ContentEngine/ArticleCodegenService.ts(220,16): error TS18048: 'lastPart' is possibly 'undefined'.
server/src/services/EmbeddingService.ts(65,20): error TS2532: Object is possibly 'undefined'.
server/src/services/fxRateService.ts(75,9): error TS2322: Type 'string | undefined' is not assignable to type 'string'.
  Type 'undefined' is not assignable to type 'string'.
server/src/services/legalQueryService.ts(27,27): error TS2532: Object is possibly 'undefined'.
server/src/services/legalQueryService.ts(27,35): error TS2532: Object is possibly 'undefined'.
server/src/services/legalQueryService.ts(28,22): error TS2532: Object is possibly 'undefined'.
server/src/services/legalQueryService.ts(28,30): error TS2532: Object is possibly 'undefined'.
server/src/services/legalQueryService.ts(29,22): error TS2532: Object is possibly 'undefined'.
server/src/services/legalQueryService.ts(29,30): error TS2532: Object is possibly 'undefined'.
server/src/services/legalQueryService.ts(54,36): error TS2532: Object is possibly 'undefined'.
server/src/services/LexAIService.ts(35,49): error TS2532: Object is possibly 'undefined'.
server/src/services/piiService.ts(64,17): error TS2345: Argument of type 'RegExp | undefined' is not assignable to parameter of type 'RegExp'.
  Type 'undefined' is not assignable to type 'RegExp'.
server/src/services/piiService.ts(65,17): error TS2345: Argument of type 'RegExp | undefined' is not assignable to parameter of type 'RegExp'.
  Type 'undefined' is not assignable to type 'RegExp'.
server/src/services/piiService.ts(66,17): error TS2345: Argument of type 'RegExp | undefined' is not assignable to parameter of type 'RegExp'.
  Type 'undefined' is not assignable to type 'RegExp'.
server/src/services/piiService.ts(67,17): error TS2345: Argument of type 'RegExp | undefined' is not assignable to parameter of type 'RegExp'.
  Type 'undefined' is not assignable to type 'RegExp'.
server/src/services/piiService.ts(69,44): error TS2345: Argument of type 'RegExp | undefined' is not assignable to parameter of type 'RegExp'.
  Type 'undefined' is not assignable to type 'RegExp'.
server/src/services/piiService.ts(71,21): error TS2345: Argument of type 'RegExp | undefined' is not assignable to parameter of type 'RegExp'.
  Type 'undefined' is not assignable to type 'RegExp'.
server/src/services/piiService.ts(72,21): error TS2345: Argument of type 'RegExp | undefined' is not assignable to parameter of type 'RegExp'.
  Type 'undefined' is not assignable to type 'RegExp'.
server/src/services/piiService.ts(74,44): error TS2345: Argument of type 'RegExp | undefined' is not assignable to parameter of type 'RegExp'.
  Type 'undefined' is not assignable to type 'RegExp'.
tmp/test_upload_direct.ts(11,13): error TS2322: Type '{ name: string; description: string; category: string; jurisdiction: string; content: string; version: string; tenantId: string; }' is not assignable to type '(Without<DocumentTemplateCreateInput, DocumentTemplateUncheckedCreateInput> & DocumentTemplateUncheckedCreateInput) | (Without<...> & DocumentTemplateCreateInput)'.
  Type '{ name: string; description: string; category: string; jurisdiction: string; content: string; version: string; tenantId: string; }' is not assignable to type 'Without<DocumentTemplateCreateInput, DocumentTemplateUncheckedCreateInput> & DocumentTemplateUncheckedCreateInput'.
    Property 'structure' is missing in type '{ name: string; description: string; category: string; jurisdiction: string; content: string; version: string; tenantId: string; }' but required in type 'DocumentTemplateUncheckedCreateInput'.
utils/jurisdictions/ghana/rules.ts(63,32): error TS2532: Object is possibly 'undefined'.
