src/routes/analytics.ts(16,44): error TS2322: Type 'string | null | undefined' is not assignable to type 'string | StringFilter<"Matter"> | undefined'.
  Type 'null' is not assignable to type 'string | StringFilter<"Matter"> | undefined'.
src/routes/analytics.ts(17,56): error TS2322: Type 'string | null | undefined' is not assignable to type 'string | StringFilter<"Matter"> | undefined'.
  Type 'null' is not assignable to type 'string | StringFilter<"Matter"> | undefined'.
src/routes/analytics.ts(23,22): error TS2322: Type 'string | null | undefined' is not assignable to type 'string | undefined'.
  Type 'null' is not assignable to type 'string | undefined'.
src/routes/analytics.ts(95,17): error TS2322: Type 'string | null | undefined' is not assignable to type 'string | StringFilter<"Matter"> | undefined'.
  Type 'null' is not assignable to type 'string | StringFilter<"Matter"> | undefined'.
src/routes/analytics.ts(191,26): error TS2322: Type 'string | null | undefined' is not assignable to type 'string | StringFilter<"Matter"> | undefined'.
  Type 'null' is not assignable to type 'string | StringFilter<"Matter"> | undefined'.
src/routes/analytics.ts(195,36): error TS2322: Type 'string | null | undefined' is not assignable to type 'string | StringFilter<"Matter"> | undefined'.
  Type 'null' is not assignable to type 'string | StringFilter<"Matter"> | undefined'.
src/routes/api.ts(37,13): error TS2345: Argument of type 'string | null | undefined' is not assignable to parameter of type 'string | undefined'.
  Type 'null' is not assignable to type 'string | undefined'.
src/routes/auth.ts(783,13): error TS2322: Type '{ isUsed: false; expiresAt: { gt: Date; }; tenantId?: string | null | undefined; }' is not assignable to type 'InvitationWhereInput'.
  Types of property 'tenantId' are incompatible.
    Type 'string | null | undefined' is not assignable to type 'string | StringFilter<"Invitation"> | undefined'.
      Type 'null' is not assignable to type 'string | StringFilter<"Invitation"> | undefined'.
src/routes/auth.ts(810,13): error TS2322: Type '{ id: string; } | { id: string; tenantId: string | null; }' is not assignable to type 'InvitationWhereInput | undefined'.
  Type '{ id: string; tenantId: string | null; }' is not assignable to type 'InvitationWhereInput'.
    Types of property 'tenantId' are incompatible.
      Type 'string | null' is not assignable to type 'string | StringFilter<"Invitation"> | undefined'.
        Type 'null' is not assignable to type 'string | StringFilter<"Invitation"> | undefined'.
src/routes/branding.ts(18,13): error TS2322: Type '{} | { tenantId: string | null; }' is not assignable to type 'BrandingProfileWhereInput | undefined'.
  Type '{ tenantId: string | null; }' is not assignable to type 'BrandingProfileWhereInput'.
    Types of property 'tenantId' are incompatible.
      Type 'string | null' is not assignable to type 'string | StringFilter<"BrandingProfile"> | undefined'.
        Type 'null' is not assignable to type 'string | StringFilter<"BrandingProfile"> | undefined'.
src/routes/documents.ts(21,21): error TS2322: Type 'string | null' is not assignable to type 'string | StringFilter<"Matter"> | undefined'.
  Type 'null' is not assignable to type 'string | StringFilter<"Matter"> | undefined'.
src/routes/documents.ts(43,29): error TS2551: Property 'matter' does not exist on type '{ tenantId: string; id: string; name: string; description: string | null; createdAt: Date; updatedAt: Date; status: string; attributes: JsonValue; jurisdiction: string; ... 10 more ...; physicalRegion: string; }'. Did you mean 'matterId'?
src/routes/documents.ts(67,21): error TS2322: Type 'string | null' is not assignable to type 'string | StringFilter<"Matter"> | undefined'.
  Type 'null' is not assignable to type 'string | StringFilter<"Matter"> | undefined'.
src/routes/documents.ts(384,21): error TS2322: Type 'string | null' is not assignable to type 'string | StringFilter<"Matter"> | undefined'.
  Type 'null' is not assignable to type 'string | StringFilter<"Matter"> | undefined'.
src/routes/documents.ts(401,25): error TS2551: Property 'matter' does not exist on type '{ tenantId: string; id: string; name: string; description: string | null; createdAt: Date; updatedAt: Date; status: string; attributes: JsonValue; jurisdiction: string; ... 10 more ...; physicalRegion: string; }'. Did you mean 'matterId'?
src/routes/documents.ts(728,27): error TS2322: Type 'string | null | undefined' is not assignable to type 'string | StringFilter<"Matter"> | undefined'.
  Type 'null' is not assignable to type 'string | StringFilter<"Matter"> | undefined'.
src/routes/documents.ts(765,27): error TS2322: Type 'string | null | undefined' is not assignable to type 'string | StringFilter<"Matter"> | undefined'.
  Type 'null' is not assignable to type 'string | StringFilter<"Matter"> | undefined'.
src/routes/matters.ts(284,26): error TS2322: Type 'string | null' is not assignable to type 'string | StringFilter<"Matter"> | undefined'.
  Type 'null' is not assignable to type 'string | StringFilter<"Matter"> | undefined'.
src/routes/matters.ts(349,17): error TS2345: Argument of type 'string | null' is not assignable to parameter of type 'string'.
  Type 'null' is not assignable to type 'string'.
src/routes/matters.ts(367,17): error TS2345: Argument of type 'string | null' is not assignable to parameter of type 'string'.
  Type 'null' is not assignable to type 'string'.
src/routes/matters.ts(535,17): error TS18048: 'req.user' is possibly 'undefined'.
src/routes/matters.ts(578,17): error TS2322: Type 'string | null' is not assignable to type 'string'.
  Type 'null' is not assignable to type 'string'.
src/routes/tenant.ts(22,35): error TS2322: Type '{} | { tenantId: string | null | undefined; }' is not assignable to type 'MatterWhereInput | undefined'.
  Type '{ tenantId: string | null | undefined; }' is not assignable to type 'MatterWhereInput'.
    Types of property 'tenantId' are incompatible.
      Type 'string | null | undefined' is not assignable to type 'string | StringFilter<"Matter"> | undefined'.
        Type 'null' is not assignable to type 'string | StringFilter<"Matter"> | undefined'.
src/routes/tenant.ts(23,37): error TS2322: Type '{} | { matter: { tenantId: string | null | undefined; }; }' is not assignable to type 'DocumentWhereInput | undefined'.
  Types of property 'matter' are incompatible.
    Type '{ tenantId: string | null | undefined; }' is not assignable to type '(Without<MatterRelationFilter, MatterWhereInput> & MatterWhereInput) | (Without<MatterWhereInput, MatterRelationFilter> & MatterRelationFilter) | undefined'.
      Types of property 'tenantId' are incompatible.
        Type 'string | null | undefined' is not assignable to type 'string | StringFilter<"Matter"> | undefined'.
          Type 'null' is not assignable to type 'string | StringFilter<"Matter"> | undefined'.
